// Jest Snapshot v1, https://goo.gl/fbAQLP

exports[`imports the file 1`] = `ShallowWrapper {}`;
